[2026-08-11 12:33:08.565] info: [transfer] Diagnostic log file: D:\OM\ShivajiUniversity\shivaji-strapi-backend\transfer_1786431788471.log (info-level messages are written here even without --verbose)
[2026-08-11 12:33:08.565] info: [remote-destination-provider] establishing websocket connection

[2026-08-11 12:33:09.897] info: [remote-destination-provider] established websocket connection

[2026-08-11 12:33:09.897] info: [remote-destination-provider] creating dispatcher

[2026-08-11 12:33:09.898] info: [remote-destination-provider] created dispatcher

[2026-08-11 12:33:09.898] info: [remote-destination-provider] initialize transfer

[2026-08-11 12:33:09.899] info: [remote-destination-provider] dispatching message command:init uuid:2687467b-5384-402c-9dd8-375aae685216 sent:0

[2026-08-11 12:33:10.272] info: [push-handler] received command:init uuid:2687467b-5384-402c-9dd8-375aae685216

[2026-08-11 12:33:10.273] info: [remote-destination-provider] received response to message command: init uuid: 2687467b-5384-402c-9dd8-375aae685216 sent: 0

[2026-08-11 12:33:10.273] info: [remote-destination-provider] received response to message command: init uuid: 2687467b-5384-402c-9dd8-375aae685216 sent: 0

[2026-08-11 12:33:10.274] info: [remote-destination-provider] initialized transfer 05632dd7-b9a3-4f70-ae0f-a741bd140015

[2026-08-11 12:33:10.274] info: [remote-destination-provider] dispatching message action:bootstrap  uuid:ee7d1a7b-261e-41c4-8ef6-0fc89bbc9544 sent:0

[2026-08-11 12:33:10.621] info: [push-handler] received transfer action:bootstrap step:action uuid:ee7d1a7b-261e-41c4-8ef6-0fc89bbc9544

[2026-08-11 12:33:10.622] info: [remote-destination-provider] received response to message action:bootstrap  uuid:ee7d1a7b-261e-41c4-8ef6-0fc89bbc9544 sent:0

[2026-08-11 12:33:10.622] info: [local-destination-provider] validating options

[2026-08-11 12:33:10.622] info: [remote-destination-provider] received response to message action:bootstrap  uuid:ee7d1a7b-261e-41c4-8ef6-0fc89bbc9544 sent:0

[2026-08-11 12:33:10.622] info: [remote-destination-provider] received response to message action:bootstrap  uuid:ee7d1a7b-261e-41c4-8ef6-0fc89bbc9544 sent:0

[2026-08-11 12:33:10.622] info: [local-source-provider] getting metadata

[2026-08-11 12:33:10.622] info: [remote-destination-provider] dispatching message action:getMetadata  uuid:486ee024-8085-4608-856c-16db921f839d sent:0

[2026-08-11 12:33:11.001] info: [push-handler] received transfer action:getMetadata step:action uuid:486ee024-8085-4608-856c-16db921f839d

[2026-08-11 12:33:11.001] info: [remote-destination-provider] received response to message action:getMetadata  uuid:486ee024-8085-4608-856c-16db921f839d sent:0

[2026-08-11 12:33:11.001] info: [local-destination-provider] getting metadata

[2026-08-11 12:33:11.002] info: [remote-destination-provider] received response to message action:getMetadata  uuid:486ee024-8085-4608-856c-16db921f839d sent:0

[2026-08-11 12:33:11.002] info: [remote-destination-provider] received response to message action:getMetadata  uuid:486ee024-8085-4608-856c-16db921f839d sent:0

[2026-08-11 12:33:11.002] info: [local-source-provider] getting metadata

[2026-08-11 12:33:11.003] info: [remote-destination-provider] dispatching message action:getMetadata  uuid:07add0fa-ec54-4920-ab51-b950541b7b5a sent:0

[2026-08-11 12:33:11.344] info: [push-handler] received transfer action:getMetadata step:action uuid:07add0fa-ec54-4920-ab51-b950541b7b5a

[2026-08-11 12:33:11.344] info: [remote-destination-provider] received response to message action:getMetadata  uuid:07add0fa-ec54-4920-ab51-b950541b7b5a sent:0

[2026-08-11 12:33:11.345] info: [local-destination-provider] getting metadata

[2026-08-11 12:33:11.345] info: [remote-destination-provider] received response to message action:getMetadata  uuid:07add0fa-ec54-4920-ab51-b950541b7b5a sent:0

[2026-08-11 12:33:11.345] info: [remote-destination-provider] received response to message action:getMetadata  uuid:07add0fa-ec54-4920-ab51-b950541b7b5a sent:0

[2026-08-11 12:33:11.345] info: [local-source-provider] getting schemas

[2026-08-11 12:33:11.348] info: [remote-destination-provider] dispatching message action:getSchemas  uuid:827174de-e65f-4278-870a-b24a3d1b28a4 sent:0

[2026-08-11 12:33:11.712] info: [push-handler] received transfer action:getSchemas step:action uuid:827174de-e65f-4278-870a-b24a3d1b28a4

[2026-08-11 12:33:11.712] info: [remote-destination-provider] received response to message action:getSchemas  uuid:827174de-e65f-4278-870a-b24a3d1b28a4 sent:0

[2026-08-11 12:33:11.712] info: [local-destination-provider] getting schema

[2026-08-11 12:33:11.712] info: [remote-destination-provider] received response to message action:getSchemas  uuid:827174de-e65f-4278-870a-b24a3d1b28a4 sent:0

[2026-08-11 12:33:12.050] info: [remote-destination-provider] received response to message action:getSchemas  uuid:827174de-e65f-4278-870a-b24a3d1b28a4 sent:0

[2026-08-11 12:33:12.059] info: [remote-destination-provider] dispatching message action:beforeTransfer  uuid:c886cacc-43ae-4b9f-b993-21d11fcba101 sent:0

[2026-08-11 12:33:12.313] info: [push-handler] received transfer action:beforeTransfer step:action uuid:c886cacc-43ae-4b9f-b993-21d11fcba101

[2026-08-11 12:33:12.314] info: [remote-destination-provider] received response to message action:beforeTransfer  uuid:c886cacc-43ae-4b9f-b993-21d11fcba101 sent:0

[2026-08-11 12:33:12.314] info: [local-destination-provider] deleting all assets

[2026-08-11 12:33:12.315] info: [remote-destination-provider] received response to message action:beforeTransfer  uuid:c886cacc-43ae-4b9f-b993-21d11fcba101 sent:0

[2026-08-11 12:33:12.363] info: [local-destination-provider] deleted all assets

[2026-08-11 12:33:12.363] info: [remote-destination-provider] received response to message action:beforeTransfer  uuid:c886cacc-43ae-4b9f-b993-21d11fcba101 sent:0

[2026-08-11 12:33:12.364] info: [local-destination-provider] deleting record 

[2026-08-11 12:33:12.364] info: [remote-destination-provider] received response to message action:beforeTransfer  uuid:c886cacc-43ae-4b9f-b993-21d11fcba101 sent:0

[2026-08-11 12:34:32.766] info: [remote-destination-provider] received response to message action:beforeTransfer  uuid:c886cacc-43ae-4b9f-b993-21d11fcba101 sent:2

[2026-08-11 12:34:32.767] info: [local-source-provider] getting schemas

[2026-08-11 12:34:32.773] info: [local-source-provider] creating entities read stream

[2026-08-11 12:34:32.786] info: [remote-destination-provider] dispatching message action:start step:entities uuid:44865231-23e0-4219-b2fe-d8bf52f4c44f sent:0

[2026-08-11 12:34:33.067] info: [push-handler] received transfer action:start step:step uuid:44865231-23e0-4219-b2fe-d8bf52f4c44f

[2026-08-11 12:34:33.068] info: [remote-destination-provider] received response to message action:start step:entities uuid:44865231-23e0-4219-b2fe-d8bf52f4c44f sent:0

[2026-08-11 12:34:33.068] info: [local-destination-provider] creating entities stream

[2026-08-11 12:34:33.068] info: [remote-destination-provider] received response to message action:start step:entities uuid:44865231-23e0-4219-b2fe-d8bf52f4c44f sent:0

[2026-08-11 12:34:33.068] info: [remote-destination-provider] received response to message action:start step:entities uuid:44865231-23e0-4219-b2fe-d8bf52f4c44f sent:0

[2026-08-11 12:34:33.104] info: [remote-destination-provider] dispatching message action:stream step:entities uuid:ce9e1e45-9585-49e5-a6f6-163f35dd8beb sent:0

[2026-08-11 12:34:33.736] info: [push-handler] received transfer action:stream step:step uuid:ce9e1e45-9585-49e5-a6f6-163f35dd8beb

[2026-08-11 12:34:33.736] info: [remote-destination-provider] received response to message action:stream step:entities uuid:ce9e1e45-9585-49e5-a6f6-163f35dd8beb sent:0

[2026-08-11 12:35:15.127] info: [remote-destination-provider] received response to message action:stream step:entities uuid:ce9e1e45-9585-49e5-a6f6-163f35dd8beb sent:1

[2026-08-11 12:35:15.136] info: [remote-destination-provider] dispatching message action:stream step:entities uuid:15e11771-72b6-4715-ae7c-31e7b31fb0cb sent:0

[2026-08-11 12:35:15.425] info: [push-handler] received transfer action:stream step:step uuid:15e11771-72b6-4715-ae7c-31e7b31fb0cb

[2026-08-11 12:35:15.425] info: [remote-destination-provider] received response to message action:stream step:entities uuid:15e11771-72b6-4715-ae7c-31e7b31fb0cb sent:0

[2026-08-11 12:35:25.690] info: [remote-destination-provider] received response to message action:stream step:entities uuid:15e11771-72b6-4715-ae7c-31e7b31fb0cb sent:0

[2026-08-11 12:35:25.704] info: [remote-destination-provider] dispatching message action:stream step:entities uuid:d8b21f36-d80c-420f-9cbc-a663c543d799 sent:0

[2026-08-11 12:35:26.014] info: [push-handler] received transfer action:stream step:step uuid:d8b21f36-d80c-420f-9cbc-a663c543d799

[2026-08-11 12:35:26.015] info: [remote-destination-provider] received response to message action:stream step:entities uuid:d8b21f36-d80c-420f-9cbc-a663c543d799 sent:0

[2026-08-11 12:35:36.206] info: [remote-destination-provider] received response to message action:stream step:entities uuid:d8b21f36-d80c-420f-9cbc-a663c543d799 sent:0

[2026-08-11 12:35:36.209] info: [remote-destination-provider] dispatching message action:stream step:entities uuid:88a1f744-9d01-4e8c-bcb0-d5a32826d36e sent:0

[2026-08-11 12:35:36.521] info: [push-handler] received transfer action:stream step:step uuid:88a1f744-9d01-4e8c-bcb0-d5a32826d36e

[2026-08-11 12:35:36.521] info: [remote-destination-provider] received response to message action:stream step:entities uuid:88a1f744-9d01-4e8c-bcb0-d5a32826d36e sent:0

[2026-08-11 12:36:16.803] info: [remote-destination-provider] received response to message action:stream step:entities uuid:88a1f744-9d01-4e8c-bcb0-d5a32826d36e sent:1

[2026-08-11 12:36:16.804] info: [remote-destination-provider] dispatching message action:end step:entities uuid:db86a5c5-da20-4402-9ef5-6a31c5f75759 sent:0

[2026-08-11 12:36:17.107] info: [push-handler] received transfer action:end step:step uuid:db86a5c5-da20-4402-9ef5-6a31c5f75759

[2026-08-11 12:36:17.107] info: [remote-destination-provider] received response to message action:end step:entities uuid:db86a5c5-da20-4402-9ef5-6a31c5f75759 sent:0

[2026-08-11 12:36:17.107] info: [remote-destination-provider] received response to message action:end step:entities uuid:db86a5c5-da20-4402-9ef5-6a31c5f75759 sent:0

[2026-08-11 12:36:17.108] info: [local-source-provider] creating assets read stream

[2026-08-11 12:36:17.689] info: [remote-destination-provider] dispatching message action:start step:assets uuid:2d71265c-8967-47aa-bc19-a806df42bb4b sent:0

[2026-08-11 12:36:17.930] info: [push-handler] received transfer action:start step:step uuid:2d71265c-8967-47aa-bc19-a806df42bb4b

[2026-08-11 12:36:17.930] info: [remote-destination-provider] received response to message action:start step:assets uuid:2d71265c-8967-47aa-bc19-a806df42bb4b sent:0

[2026-08-11 12:36:17.930] info: [local-destination-provider] creating assets write stream

[2026-08-11 12:36:17.930] info: [remote-destination-provider] received response to message action:start step:assets uuid:2d71265c-8967-47aa-bc19-a806df42bb4b sent:0

[2026-08-11 12:36:17.930] info: [remote-destination-provider] received response to message action:start step:assets uuid:2d71265c-8967-47aa-bc19-a806df42bb4b sent:0

[2026-08-11 12:36:30.318] info: [remote-destination-provider] dispatching message action:stream step:assets uuid:0fc21652-7d24-4b41-8e2b-e685f459e69e sent:0

[2026-08-11 12:36:31.382] info: [push-handler] received transfer action:stream step:step uuid:0fc21652-7d24-4b41-8e2b-e685f459e69e

[2026-08-11 12:36:31.382] info: [remote-destination-provider] received response to message action:stream step:assets uuid:0fc21652-7d24-4b41-8e2b-e685f459e69e sent:0

[2026-08-11 12:36:31.497] info: [remote-destination-provider] received response to message action:stream step:assets uuid:0fc21652-7d24-4b41-8e2b-e685f459e69e sent:0

[2026-08-11 12:36:34.585] info: [remote-destination-provider] dispatching message action:stream step:assets uuid:90e40189-b6f0-4457-bb94-5a38b73c6812 sent:0

[2026-08-11 12:36:35.101] info: [push-handler] received transfer action:stream step:step uuid:90e40189-b6f0-4457-bb94-5a38b73c6812

[2026-08-11 12:36:35.101] info: [remote-destination-provider] received response to message action:stream step:assets uuid:90e40189-b6f0-4457-bb94-5a38b73c6812 sent:0

[2026-08-11 12:36:35.104] info: [remote-destination-provider] received response to message action:stream step:assets uuid:90e40189-b6f0-4457-bb94-5a38b73c6812 sent:0

[2026-08-11 12:36:40.442] info: [remote-destination-provider] dispatching message action:stream step:assets uuid:2c4f58ef-d4bb-410e-9bee-9ceab7bbd14e sent:0

[2026-08-11 12:36:40.841] info: [push-handler] received transfer action:stream step:step uuid:2c4f58ef-d4bb-410e-9bee-9ceab7bbd14e

[2026-08-11 12:36:40.841] info: [remote-destination-provider] received response to message action:stream step:assets uuid:2c4f58ef-d4bb-410e-9bee-9ceab7bbd14e sent:0

[2026-08-11 12:36:40.841] info: [remote-destination-provider] received response to message action:stream step:assets uuid:2c4f58ef-d4bb-410e-9bee-9ceab7bbd14e sent:0

[2026-08-11 12:36:42.514] info: [remote-destination-provider] dispatching message action:stream step:assets uuid:ae85997d-76b7-45c3-bd96-a70824c095ee sent:0

[2026-08-11 12:36:42.939] info: [push-handler] received transfer action:stream step:step uuid:ae85997d-76b7-45c3-bd96-a70824c095ee

[2026-08-11 12:36:42.940] info: [remote-destination-provider] received response to message action:stream step:assets uuid:ae85997d-76b7-45c3-bd96-a70824c095ee sent:0

[2026-08-11 12:36:42.940] info: [remote-destination-provider] received response to message action:stream step:assets uuid:ae85997d-76b7-45c3-bd96-a70824c095ee sent:0

[2026-08-11 12:36:45.335] info: [remote-destination-provider] dispatching message action:stream step:assets uuid:8c2cd903-86ff-48dd-892c-1a20ecf602b3 sent:0

[2026-08-11 12:36:45.817] info: [push-handler] received transfer action:stream step:step uuid:8c2cd903-86ff-48dd-892c-1a20ecf602b3

[2026-08-11 12:36:45.817] info: [remote-destination-provider] received response to message action:stream step:assets uuid:8c2cd903-86ff-48dd-892c-1a20ecf602b3 sent:0

[2026-08-11 12:36:45.822] info: [remote-destination-provider] received response to message action:stream step:assets uuid:8c2cd903-86ff-48dd-892c-1a20ecf602b3 sent:0

[2026-08-11 12:36:49.357] info: [remote-destination-provider] dispatching message action:stream step:assets uuid:112dfb7d-9f69-4cc9-be3f-1b2ea8dfe7bc sent:0

[2026-08-11 12:36:49.784] info: [push-handler] received transfer action:stream step:step uuid:112dfb7d-9f69-4cc9-be3f-1b2ea8dfe7bc

[2026-08-11 12:36:49.784] info: [remote-destination-provider] received response to message action:stream step:assets uuid:112dfb7d-9f69-4cc9-be3f-1b2ea8dfe7bc sent:0

[2026-08-11 12:36:49.870] info: [remote-destination-provider] received response to message action:stream step:assets uuid:112dfb7d-9f69-4cc9-be3f-1b2ea8dfe7bc sent:0

[2026-08-11 12:36:52.485] info: [remote-destination-provider] dispatching message action:stream step:assets uuid:ce6bec49-b829-40c0-9f34-08d6cc416689 sent:0

[2026-08-11 12:36:52.907] info: [push-handler] received transfer action:stream step:step uuid:ce6bec49-b829-40c0-9f34-08d6cc416689

[2026-08-11 12:36:52.908] info: [remote-destination-provider] received response to message action:stream step:assets uuid:ce6bec49-b829-40c0-9f34-08d6cc416689 sent:0

[2026-08-11 12:36:52.908] info: [remote-destination-provider] received response to message action:stream step:assets uuid:ce6bec49-b829-40c0-9f34-08d6cc416689 sent:0

[2026-08-11 12:36:55.126] info: [remote-destination-provider] dispatching message action:stream step:assets uuid:4c136517-facd-4727-a26f-1aafddc929d2 sent:0

[2026-08-11 12:36:55.524] info: [push-handler] received transfer action:stream step:step uuid:4c136517-facd-4727-a26f-1aafddc929d2

[2026-08-11 12:36:55.524] info: [remote-destination-provider] received response to message action:stream step:assets uuid:4c136517-facd-4727-a26f-1aafddc929d2 sent:0

[2026-08-11 12:36:55.591] info: [remote-destination-provider] received response to message action:stream step:assets uuid:4c136517-facd-4727-a26f-1aafddc929d2 sent:0

[2026-08-11 12:36:58.754] info: [remote-destination-provider] dispatching message action:stream step:assets uuid:350c5a7e-a38e-4400-a584-d9698603b4e3 sent:0

[2026-08-11 12:36:59.171] info: [push-handler] received transfer action:stream step:step uuid:350c5a7e-a38e-4400-a584-d9698603b4e3

[2026-08-11 12:36:59.171] info: [remote-destination-provider] received response to message action:stream step:assets uuid:350c5a7e-a38e-4400-a584-d9698603b4e3 sent:0

[2026-08-11 12:37:00.243] info: [remote-destination-provider] received response to message action:stream step:assets uuid:350c5a7e-a38e-4400-a584-d9698603b4e3 sent:0

[2026-08-11 12:37:09.589] info: [remote-destination-provider] dispatching message action:stream step:assets uuid:0a6216fa-d775-49bd-9622-01efadc74de7 sent:0

[2026-08-11 12:37:10.025] info: [push-handler] received transfer action:stream step:step uuid:0a6216fa-d775-49bd-9622-01efadc74de7

[2026-08-11 12:37:10.025] info: [remote-destination-provider] received response to message action:stream step:assets uuid:0a6216fa-d775-49bd-9622-01efadc74de7 sent:0

[2026-08-11 12:37:10.037] info: [remote-destination-provider] received response to message action:stream step:assets uuid:0a6216fa-d775-49bd-9622-01efadc74de7 sent:0

[2026-08-11 12:37:15.671] info: [remote-destination-provider] dispatching message action:stream step:assets uuid:dbd9aa1f-cf84-4663-a277-e58280b2e9eb sent:0

[2026-08-11 12:37:16.151] info: [push-handler] received transfer action:stream step:step uuid:dbd9aa1f-cf84-4663-a277-e58280b2e9eb

[2026-08-11 12:37:16.152] info: [remote-destination-provider] received response to message action:stream step:assets uuid:dbd9aa1f-cf84-4663-a277-e58280b2e9eb sent:0

[2026-08-11 12:37:16.671] info: [remote-destination-provider] received response to message action:stream step:assets uuid:dbd9aa1f-cf84-4663-a277-e58280b2e9eb sent:0

[2026-08-11 12:37:19.263] info: [remote-destination-provider] dispatching message action:stream step:assets uuid:dad6d449-17c1-43b3-ac7c-c6719518e1fc sent:0

[2026-08-11 12:37:19.697] info: [push-handler] received transfer action:stream step:step uuid:dad6d449-17c1-43b3-ac7c-c6719518e1fc

[2026-08-11 12:37:19.698] info: [remote-destination-provider] received response to message action:stream step:assets uuid:dad6d449-17c1-43b3-ac7c-c6719518e1fc sent:0

[2026-08-11 12:37:19.698] info: [remote-destination-provider] received response to message action:stream step:assets uuid:dad6d449-17c1-43b3-ac7c-c6719518e1fc sent:0

[2026-08-11 12:37:21.053] info: [remote-destination-provider] dispatching message action:stream step:assets uuid:9ad3c941-7607-449f-b24f-6c027336061e sent:0

[2026-08-11 12:37:21.479] info: [push-handler] received transfer action:stream step:step uuid:9ad3c941-7607-449f-b24f-6c027336061e

[2026-08-11 12:37:21.479] info: [remote-destination-provider] received response to message action:stream step:assets uuid:9ad3c941-7607-449f-b24f-6c027336061e sent:0

[2026-08-11 12:37:21.565] info: [remote-destination-provider] received response to message action:stream step:assets uuid:9ad3c941-7607-449f-b24f-6c027336061e sent:0

[2026-08-11 12:37:25.659] info: [remote-destination-provider] dispatching message action:stream step:assets uuid:d92ddf53-f4f6-4bcc-a692-9927ee189f33 sent:0

[2026-08-11 12:37:26.188] info: [push-handler] received transfer action:stream step:step uuid:d92ddf53-f4f6-4bcc-a692-9927ee189f33

[2026-08-11 12:37:26.188] info: [remote-destination-provider] received response to message action:stream step:assets uuid:d92ddf53-f4f6-4bcc-a692-9927ee189f33 sent:0

[2026-08-11 12:37:26.188] info: [remote-destination-provider] received response to message action:stream step:assets uuid:d92ddf53-f4f6-4bcc-a692-9927ee189f33 sent:0

[2026-08-11 12:37:27.555] info: [remote-destination-provider] dispatching message action:stream step:assets uuid:fdce4efe-0586-455f-8e84-dc85c0f8ef2a sent:0

[2026-08-11 12:37:27.985] info: [push-handler] received transfer action:stream step:step uuid:fdce4efe-0586-455f-8e84-dc85c0f8ef2a

[2026-08-11 12:37:27.985] info: [remote-destination-provider] received response to message action:stream step:assets uuid:fdce4efe-0586-455f-8e84-dc85c0f8ef2a sent:0

[2026-08-11 12:37:27.992] info: [remote-destination-provider] received response to message action:stream step:assets uuid:fdce4efe-0586-455f-8e84-dc85c0f8ef2a sent:0

[2026-08-11 12:37:29.153] info: [remote-destination-provider] dispatching message action:stream step:assets uuid:fe401db6-b11f-43ab-8e21-d0eb6453ecdd sent:0

[2026-08-11 12:37:29.733] info: [push-handler] received transfer action:stream step:step uuid:fe401db6-b11f-43ab-8e21-d0eb6453ecdd

[2026-08-11 12:37:29.734] info: [remote-destination-provider] received response to message action:stream step:assets uuid:fe401db6-b11f-43ab-8e21-d0eb6453ecdd sent:0

[2026-08-11 12:37:29.734] info: [remote-destination-provider] received response to message action:stream step:assets uuid:fe401db6-b11f-43ab-8e21-d0eb6453ecdd sent:0

[2026-08-11 12:37:30.213] info: [remote-destination-provider] dispatching message action:stream step:assets uuid:0250b7e6-73e2-43f7-a8fb-40ff14727c1a sent:0

[2026-08-11 12:37:30.993] info: [push-handler] received transfer action:stream step:step uuid:0250b7e6-73e2-43f7-a8fb-40ff14727c1a

[2026-08-11 12:37:30.993] info: [remote-destination-provider] received response to message action:stream step:assets uuid:0250b7e6-73e2-43f7-a8fb-40ff14727c1a sent:0

[2026-08-11 12:37:30.993] info: [remote-destination-provider] received response to message action:stream step:assets uuid:0250b7e6-73e2-43f7-a8fb-40ff14727c1a sent:0

[2026-08-11 12:37:30.998] info: [remote-destination-provider] dispatching message action:stream step:assets uuid:8480f1da-1209-4812-8fa2-aa47df9fd04c sent:0

[2026-08-11 12:37:31.533] info: [push-handler] received transfer action:stream step:step uuid:8480f1da-1209-4812-8fa2-aa47df9fd04c

[2026-08-11 12:37:31.533] info: [remote-destination-provider] received response to message action:stream step:assets uuid:8480f1da-1209-4812-8fa2-aa47df9fd04c sent:0

[2026-08-11 12:37:31.610] info: [remote-destination-provider] received response to message action:stream step:assets uuid:8480f1da-1209-4812-8fa2-aa47df9fd04c sent:0

[2026-08-11 12:37:31.613] info: [remote-destination-provider] dispatching message action:stream step:assets uuid:dbf4e6d1-26d3-4eae-9512-3d020c2eef53 sent:0

[2026-08-11 12:37:32.165] info: [push-handler] received transfer action:stream step:step uuid:dbf4e6d1-26d3-4eae-9512-3d020c2eef53

[2026-08-11 12:37:32.165] info: [remote-destination-provider] received response to message action:stream step:assets uuid:dbf4e6d1-26d3-4eae-9512-3d020c2eef53 sent:0

[2026-08-11 12:37:32.165] info: [remote-destination-provider] received response to message action:stream step:assets uuid:dbf4e6d1-26d3-4eae-9512-3d020c2eef53 sent:0

[2026-08-11 12:37:32.168] info: [remote-destination-provider] dispatching message action:stream step:assets uuid:d8e09c30-61f5-4ee0-94a3-7d211ec157d2 sent:0

[2026-08-11 12:37:33.660] info: [push-handler] received transfer action:stream step:step uuid:d8e09c30-61f5-4ee0-94a3-7d211ec157d2

[2026-08-11 12:37:33.660] info: [remote-destination-provider] received response to message action:stream step:assets uuid:d8e09c30-61f5-4ee0-94a3-7d211ec157d2 sent:0

[2026-08-11 12:37:33.660] info: [remote-destination-provider] received response to message action:stream step:assets uuid:d8e09c30-61f5-4ee0-94a3-7d211ec157d2 sent:0

[2026-08-11 12:37:34.321] info: [remote-destination-provider] dispatching message action:stream step:assets uuid:58a99098-a072-461e-9230-5a04ecef3b41 sent:0

[2026-08-11 12:37:34.851] info: [push-handler] received transfer action:stream step:step uuid:58a99098-a072-461e-9230-5a04ecef3b41

[2026-08-11 12:37:34.851] info: [remote-destination-provider] received response to message action:stream step:assets uuid:58a99098-a072-461e-9230-5a04ecef3b41 sent:0

[2026-08-11 12:37:34.867] info: [remote-destination-provider] received response to message action:stream step:assets uuid:58a99098-a072-461e-9230-5a04ecef3b41 sent:0

[2026-08-11 12:37:40.494] info: [remote-destination-provider] dispatching message action:stream step:assets uuid:af5caf58-1c60-4c08-aada-fe2af19db972 sent:0

[2026-08-11 12:37:40.784] info: [push-handler] received transfer action:stream step:step uuid:af5caf58-1c60-4c08-aada-fe2af19db972

[2026-08-11 12:37:40.784] info: [remote-destination-provider] received response to message action:stream step:assets uuid:af5caf58-1c60-4c08-aada-fe2af19db972 sent:0

[2026-08-11 12:37:40.784] info: [remote-destination-provider] received response to message action:stream step:assets uuid:af5caf58-1c60-4c08-aada-fe2af19db972 sent:0

[2026-08-11 12:37:40.784] info: [remote-destination-provider] dispatching message action:end step:assets uuid:4398b907-81aa-435c-864c-6584eb7690f6 sent:0

[2026-08-11 12:37:41.052] info: [push-handler] received transfer action:end step:step uuid:4398b907-81aa-435c-864c-6584eb7690f6

[2026-08-11 12:37:41.053] info: [remote-destination-provider] received response to message action:end step:assets uuid:4398b907-81aa-435c-864c-6584eb7690f6 sent:0

[2026-08-11 12:39:28.831] info: [remote-destination-provider] received response to message action:end step:assets uuid:4398b907-81aa-435c-864c-6584eb7690f6 sent:3

[2026-08-11 12:39:28.833] info: [local-source-provider] creating links read stream

[2026-08-11 12:39:28.837] info: [remote-destination-provider] dispatching message action:start step:links uuid:e9171a09-bc68-4394-a691-2ef37e2347e4 sent:0

[2026-08-11 12:39:29.128] info: [push-handler] received transfer action:start step:step uuid:e9171a09-bc68-4394-a691-2ef37e2347e4

[2026-08-11 12:39:29.128] info: [remote-destination-provider] received response to message action:start step:links uuid:e9171a09-bc68-4394-a691-2ef37e2347e4 sent:0

[2026-08-11 12:39:29.128] info: [local-destination-provider] creating links write stream

[2026-08-11 12:39:29.128] info: [remote-destination-provider] received response to message action:start step:links uuid:e9171a09-bc68-4394-a691-2ef37e2347e4 sent:0

[2026-08-11 12:39:29.128] info: [remote-destination-provider] received response to message action:start step:links uuid:e9171a09-bc68-4394-a691-2ef37e2347e4 sent:0

[2026-08-11 12:39:29.141] info: [remote-destination-provider] dispatching message action:stream step:links uuid:fee1013c-648e-4bef-9319-545194cfe7d8 sent:0

[2026-08-11 12:39:29.396] info: [push-handler] received transfer action:stream step:step uuid:fee1013c-648e-4bef-9319-545194cfe7d8

[2026-08-11 12:39:29.397] info: [remote-destination-provider] received response to message action:stream step:links uuid:fee1013c-648e-4bef-9319-545194cfe7d8 sent:0

[2026-08-11 12:39:29.397] warn: (push-handler) Skipping link plugin::upload.file:4 -> sections.hero-section:1 because sections.hero-section:1 was not transferred during the entities stage.
[2026-08-11 12:39:29.397] info: [remote-destination-provider] received response to message action:stream step:links uuid:fee1013c-648e-4bef-9319-545194cfe7d8 sent:0

[2026-08-11 12:39:29.397] warn: (push-handler) Skipping link plugin::upload.file:4 -> sections.hero-section:17 because sections.hero-section:17 was not transferred during the entities stage.
[2026-08-11 12:39:29.397] info: [remote-destination-provider] received response to message action:stream step:links uuid:fee1013c-648e-4bef-9319-545194cfe7d8 sent:0

[2026-08-11 12:39:29.453] warn: (push-handler) Skipping link plugin::upload.file:28 -> sections.hero-section:63 because sections.hero-section:63 was not transferred during the entities stage.
[2026-08-11 12:39:29.453] info: [remote-destination-provider] received response to message action:stream step:links uuid:fee1013c-648e-4bef-9319-545194cfe7d8 sent:0

[2026-08-11 12:39:34.333] info: [remote-destination-provider] received response to message action:stream step:links uuid:fee1013c-648e-4bef-9319-545194cfe7d8 sent:0

[2026-08-11 12:39:34.337] info: [remote-destination-provider] dispatching message action:stream step:links uuid:657cfa27-7129-4f29-8f33-ce6ad7ccd103 sent:0

[2026-08-11 12:39:34.585] info: [push-handler] received transfer action:stream step:step uuid:657cfa27-7129-4f29-8f33-ce6ad7ccd103

[2026-08-11 12:39:34.585] info: [remote-destination-provider] received response to message action:stream step:links uuid:657cfa27-7129-4f29-8f33-ce6ad7ccd103 sent:0

[2026-08-11 12:39:39.856] info: [remote-destination-provider] received response to message action:stream step:links uuid:657cfa27-7129-4f29-8f33-ce6ad7ccd103 sent:0

[2026-08-11 12:39:39.862] info: [remote-destination-provider] dispatching message action:stream step:links uuid:5079c49e-56b0-48a6-9efa-fd849c2e43a9 sent:0

[2026-08-11 12:39:40.104] info: [push-handler] received transfer action:stream step:step uuid:5079c49e-56b0-48a6-9efa-fd849c2e43a9

[2026-08-11 12:39:40.105] info: [remote-destination-provider] received response to message action:stream step:links uuid:5079c49e-56b0-48a6-9efa-fd849c2e43a9 sent:0

[2026-08-11 12:39:45.199] info: [remote-destination-provider] received response to message action:stream step:links uuid:5079c49e-56b0-48a6-9efa-fd849c2e43a9 sent:0

[2026-08-11 12:39:45.204] info: [remote-destination-provider] dispatching message action:stream step:links uuid:b3c0abc8-5717-4e1f-9fd1-6355b65caef1 sent:0

[2026-08-11 12:39:45.454] info: [push-handler] received transfer action:stream step:step uuid:b3c0abc8-5717-4e1f-9fd1-6355b65caef1

[2026-08-11 12:39:45.455] info: [remote-destination-provider] received response to message action:stream step:links uuid:b3c0abc8-5717-4e1f-9fd1-6355b65caef1 sent:0

[2026-08-11 12:39:50.501] info: [remote-destination-provider] received response to message action:stream step:links uuid:b3c0abc8-5717-4e1f-9fd1-6355b65caef1 sent:0

[2026-08-11 12:39:50.509] info: [remote-destination-provider] dispatching message action:stream step:links uuid:20fc6419-60f2-4473-95a3-c28bf837be65 sent:0

[2026-08-11 12:39:50.769] info: [push-handler] received transfer action:stream step:step uuid:20fc6419-60f2-4473-95a3-c28bf837be65

[2026-08-11 12:39:50.769] info: [remote-destination-provider] received response to message action:stream step:links uuid:20fc6419-60f2-4473-95a3-c28bf837be65 sent:0

[2026-08-11 12:39:55.860] info: [remote-destination-provider] received response to message action:stream step:links uuid:20fc6419-60f2-4473-95a3-c28bf837be65 sent:0

[2026-08-11 12:39:55.878] info: [remote-destination-provider] dispatching message action:stream step:links uuid:317ffecb-2ff4-497e-8536-3a153008570d sent:0

[2026-08-11 12:39:56.128] info: [push-handler] received transfer action:stream step:step uuid:317ffecb-2ff4-497e-8536-3a153008570d

[2026-08-11 12:39:56.128] info: [remote-destination-provider] received response to message action:stream step:links uuid:317ffecb-2ff4-497e-8536-3a153008570d sent:0

[2026-08-11 12:40:01.537] info: [remote-destination-provider] received response to message action:stream step:links uuid:317ffecb-2ff4-497e-8536-3a153008570d sent:0

[2026-08-11 12:40:01.538] info: [remote-destination-provider] dispatching message action:stream step:links uuid:4a29eb7a-9670-4fc7-9163-4a915e5fa895 sent:0

[2026-08-11 12:40:01.847] info: [push-handler] received transfer action:stream step:step uuid:4a29eb7a-9670-4fc7-9163-4a915e5fa895

[2026-08-11 12:40:01.847] info: [remote-destination-provider] received response to message action:stream step:links uuid:4a29eb7a-9670-4fc7-9163-4a915e5fa895 sent:0

[2026-08-11 12:40:03.752] info: [remote-destination-provider] received response to message action:stream step:links uuid:4a29eb7a-9670-4fc7-9163-4a915e5fa895 sent:0

[2026-08-11 12:40:03.752] info: [remote-destination-provider] dispatching message action:end step:links uuid:10ac0f89-eca5-49d4-8530-7b01364b6b4c sent:0

[2026-08-11 12:40:04.003] info: [push-handler] received transfer action:end step:step uuid:10ac0f89-eca5-49d4-8530-7b01364b6b4c

[2026-08-11 12:40:04.003] info: [remote-destination-provider] received response to message action:end step:links uuid:10ac0f89-eca5-49d4-8530-7b01364b6b4c sent:0

[2026-08-11 12:40:04.003] info: [remote-destination-provider] received response to message action:end step:links uuid:10ac0f89-eca5-49d4-8530-7b01364b6b4c sent:0

[2026-08-11 12:40:04.004] info: [local-source-provider] creating configuration read stream

[2026-08-11 12:40:04.009] info: [remote-destination-provider] dispatching message action:start step:configuration uuid:889a640d-b529-4f54-955f-cec733377313 sent:0

[2026-08-11 12:40:04.249] info: [push-handler] received transfer action:start step:step uuid:889a640d-b529-4f54-955f-cec733377313

[2026-08-11 12:40:04.249] info: [remote-destination-provider] received response to message action:start step:configuration uuid:889a640d-b529-4f54-955f-cec733377313 sent:0

[2026-08-11 12:40:04.249] info: [local-destination-provider] creating configuration write stream

[2026-08-11 12:40:04.249] info: [remote-destination-provider] received response to message action:start step:configuration uuid:889a640d-b529-4f54-955f-cec733377313 sent:0

[2026-08-11 12:40:04.249] info: [remote-destination-provider] received response to message action:start step:configuration uuid:889a640d-b529-4f54-955f-cec733377313 sent:0

[2026-08-11 12:40:04.288] info: [remote-destination-provider] dispatching message action:stream step:configuration uuid:762808ab-8ab2-4654-97ca-8c8c3dca9c66 sent:0

[2026-08-11 12:40:04.565] info: [push-handler] received transfer action:stream step:step uuid:762808ab-8ab2-4654-97ca-8c8c3dca9c66

[2026-08-11 12:40:04.565] info: [remote-destination-provider] received response to message action:stream step:configuration uuid:762808ab-8ab2-4654-97ca-8c8c3dca9c66 sent:0

[2026-08-11 12:40:11.805] info: [remote-destination-provider] received response to message action:stream step:configuration uuid:762808ab-8ab2-4654-97ca-8c8c3dca9c66 sent:0

[2026-08-11 12:40:11.805] info: [remote-destination-provider] dispatching message action:end step:configuration uuid:9f550cf7-95d8-49ef-8ac8-07dfc4d88a5f sent:0

[2026-08-11 12:40:12.044] info: [push-handler] received transfer action:end step:step uuid:9f550cf7-95d8-49ef-8ac8-07dfc4d88a5f

[2026-08-11 12:40:12.044] info: [remote-destination-provider] received response to message action:end step:configuration uuid:9f550cf7-95d8-49ef-8ac8-07dfc4d88a5f sent:0

[2026-08-11 12:40:12.045] info: [remote-destination-provider] received response to message action:end step:configuration uuid:9f550cf7-95d8-49ef-8ac8-07dfc4d88a5f sent:0

[2026-08-11 12:40:12.046] info: [remote-destination-provider] dispatching message action:close  uuid:bd5210a9-acfd-4a68-a1bc-b559ed6eb77d sent:0

[2026-08-11 12:40:12.294] info: [push-handler] received transfer action:close step:action uuid:bd5210a9-acfd-4a68-a1bc-b559ed6eb77d

[2026-08-11 12:40:12.294] info: [remote-destination-provider] received response to message action:close  uuid:bd5210a9-acfd-4a68-a1bc-b559ed6eb77d sent:0

[2026-08-11 12:40:12.295] info: [remote-destination-provider] received response to message action:close  uuid:bd5210a9-acfd-4a68-a1bc-b559ed6eb77d sent:0

[2026-08-11 12:40:12.295] info: [remote-destination-provider] dispatching message command:end uuid:a73cd17e-179e-4402-8507-60cb5745cb6e sent:0

[2026-08-11 12:40:12.537] info: [push-handler] received command:end uuid:a73cd17e-179e-4402-8507-60cb5745cb6e

[2026-08-11 12:40:12.537] info: [remote-destination-provider] received response to message command: end uuid: a73cd17e-179e-4402-8507-60cb5745cb6e sent: 0

[2026-08-11 12:40:12.537] info: [remote-destination-provider] received response to message command: end uuid: a73cd17e-179e-4402-8507-60cb5745cb6e sent: 0

